Command: /DATA/home/edu010/3team/week2/./simv +UVM_TESTNAME=my3_vip_test -l simv.log +UVM_VERBOSITY=UVM_HIGH
Chronologic VCS simulator copyright 1991-2023
Contains Synopsys proprietary information.
Compiler version V-2023.12-SP2-8_Full64; Runtime version V-2023.12-SP2-8_Full64;  Oct 21 16:17 2025
UVM_INFO /tools/synopsys/vcs/V-2023.12-SP2-8/etc/uvm-1.2/base/uvm_root.svh(402) @ 0: reporter [UVM/RELNOTES] 
----------------------------------------------------------------
UVM-1.2.Synopsys
(C) 2007-2014 Mentor Graphics Corporation
(C) 2007-2014 Cadence Design Systems, Inc.
(C) 2006-2014 Synopsys, Inc.
(C) 2011-2013 Cypress Semiconductor Corp.
(C) 2013-2014 NVIDIA Corporation
----------------------------------------------------------------

  ***********       IMPORTANT RELEASE NOTES         ************

  You are using a version of the UVM library that has been compiled
  with `UVM_NO_DEPRECATED undefined.
  See http://www.eda.org/svdb/view.php?id=3313 for more details.

  You are using a version of the UVM library that has been compiled
  with `UVM_OBJECT_DO_NOT_NEED_CONSTRUCTOR undefined.
  See http://www.eda.org/svdb/view.php?id=3770 for more details.

      (Specify +UVM_NO_RELNOTES to turn off this notice)

UVM_INFO @ 0: reporter [RNTST] Running test my3_vip_test...
UVM_INFO /tools/synopsys/vcs/V-2023.12-SP2-8/etc/uvm-1.2/base/uvm_root.svh(589) @ 0: reporter [UVMTOP] UVM testbench topology:
----------------------------------------------
Name          Type                 Size  Value
----------------------------------------------
uvm_test_top  my3_vip_test         -     @337 
  env         my3_vip_environment  -     @350 
----------------------------------------------

UVM_INFO /tools/synopsys/vcs/V-2023.12-SP2-8/etc/uvm-1.2/base/uvm_factory.svh(1645) @ 0: reporter [UVM/FACTORY/PRINT] 
#### Factory Configuration (*)

  No instance or type overrides are registered with this factory

All types registered with the factory: 62 total
  Type Name
  ---------
  my3_vip_environment
  my3_vip_test
  packet
  snps_uvm_reg_bank_group
  snps_uvm_reg_map
(*) Types with no associated type name will be printed as <unknown>

####


----------------------------------------
Name          Type          Size  Value 
----------------------------------------
tr            packet        -     @359  
  addr        integral      16    'h1f83
  read        integral      1     'h1   
  write       integral      1     'h1   
  size        integral      2     'h1   
  data        integral      8     'h65  
  error       integral      1     'h1   
  wait_state  da(integral)  1     -     
    [0]       integral      1     'h0   
----------------------------------------
UVM_INFO my3_vip_test.sv(32) @ 0: uvm_test_top [UBUS_TRANS] my3_testbench_top.\my3_vip_test::start_of_simulation_phase .unnamed$$_0 addr=1f83 read=1 write=1 size=1 data=65 wait='{'h0}  error=1
----------------------------------------
Name          Type          Size  Value 
----------------------------------------
tr            packet        -     @359  
  addr        integral      16    'ha128
  read        integral      1     'h1   
  write       integral      1     'h1   
  size        integral      2     'h1   
  data        integral      8     'h75  
  error       integral      1     'h1   
  wait_state  da(integral)  1     -     
    [0]       integral      1     'h0   
----------------------------------------
UVM_INFO my3_vip_test.sv(32) @ 0: uvm_test_top [UBUS_TRANS] my3_testbench_top.\my3_vip_test::start_of_simulation_phase .unnamed$$_0 addr=a128 read=1 write=1 size=1 data=75 wait='{'h0}  error=1
----------------------------------------
Name          Type          Size  Value 
----------------------------------------
tr            packet        -     @359  
  addr        integral      16    'ha550
  read        integral      1     'h1   
  write       integral      1     'h0   
  size        integral      2     'h1   
  data        integral      8     'hf8  
  error       integral      1     'h0   
  wait_state  da(integral)  1     -     
    [0]       integral      1     'h0   
----------------------------------------
UVM_INFO my3_vip_test.sv(32) @ 0: uvm_test_top [UBUS_TRANS] my3_testbench_top.\my3_vip_test::start_of_simulation_phase .unnamed$$_0 addr=a550 read=1 write=0 size=1 data=f8 wait='{'h0}  error=0
----------------------------------------
Name          Type          Size  Value 
----------------------------------------
tr            packet        -     @359  
  addr        integral      16    'he095
  read        integral      1     'h0   
  write       integral      1     'h1   
  size        integral      2     'h3   
  data        integral      8     'h5e  
  error       integral      1     'h0   
  wait_state  da(integral)  3     -     
    [0]       integral      1     'h0   
    [1]       integral      1     'h0   
    [2]       integral      1     'h0   
----------------------------------------
UVM_INFO my3_vip_test.sv(32) @ 0: uvm_test_top [UBUS_TRANS] my3_testbench_top.\my3_vip_test::start_of_simulation_phase .unnamed$$_0 addr=e095 read=0 write=1 size=3 data=5e wait='{'h0, 'h0, 'h0}  error=0
UVM_INFO /tools/synopsys/vcs/V-2023.12-SP2-8/etc/uvm-1.2/base/uvm_report_catcher.svh(705) @ 0: reporter [UVM/REPORT/CATCHER] 
--- UVM Report catcher Summary ---


Number of demoted UVM_FATAL reports  :    0
Number of demoted UVM_ERROR reports  :    0
Number of demoted UVM_WARNING reports:    0
Number of caught UVM_FATAL reports   :    0
Number of caught UVM_ERROR reports   :    0
Number of caught UVM_WARNING reports :    0

UVM_INFO /tools/synopsys/vcs/V-2023.12-SP2-8/etc/uvm-1.2/base/uvm_report_server.svh(904) @ 0: reporter [UVM/REPORT/SERVER] 
--- UVM Report Summary ---

** Report counts by severity
UVM_INFO :    9
UVM_WARNING :    0
UVM_ERROR :    0
UVM_FATAL :    0
** Report counts by id
[RNTST]     1
[UBUS_TRANS]     4
[UVM/FACTORY/PRINT]     1
[UVM/RELNOTES]     1
[UVM/REPORT/CATCHER]     1
[UVMTOP]     1

$finish called from file "/tools/synopsys/vcs/V-2023.12-SP2-8/etc/uvm-1.2/base/uvm_root.svh", line 527.
$finish at simulation time                    0
           V C S   S i m u l a t i o n   R e p o r t 
Time: 0
CPU Time:      0.190 seconds;       Data structure size:   0.5Mb
Tue Oct 21 16:17:45 2025
